Archive member included to satisfy reference by file (symbol)

/Applications/STM32CubeIDE.app/Contents/Eclipse/plugins/com.st.stm32cube.ide.mcu.externaltools.gnu-tools-for-stm32.10.3-2021.10.macos64_1.0.100.202210260954/tools/bin/../lib/gcc/arm-none-eabi/10.3.1/../../../../arm-none-eabi/lib/thumb/v7e-m+fp/hard/libc_nano.a(lib_a-errno.o)
                              ./Core/Src/syscalls.o (__errno)
/Applications/STM32CubeIDE.app/Contents/Eclipse/plugins/com.st.stm32cube.ide.mcu.externaltools.gnu-tools-for-stm32.10.3-2021.10.macos64_1.0.100.202210260954/tools/bin/../lib/gcc/arm-none-eabi/10.3.1/../../../../arm-none-eabi/lib/thumb/v7e-m+fp/hard/libc_nano.a(lib_a-exit.o)
                              /Applications/STM32CubeIDE.app/Contents/Eclipse/plugins/com.st.stm32cube.ide.mcu.externaltools.gnu-tools-for-stm32.10.3-2021.10.macos64_1.0.100.202210260954/tools/bin/../lib/gcc/arm-none-eabi/10.3.1/../../../../arm-none-eabi/lib/thumb/v7e-m+fp/hard/crt0.o (exit)
/Applications/STM32CubeIDE.app/Contents/Eclipse/plugins/com.st.stm32cube.ide.mcu.externaltools.gnu-tools-for-stm32.10.3-2021.10.macos64_1.0.100.202210260954/tools/bin/../lib/gcc/arm-none-eabi/10.3.1/../../../../arm-none-eabi/lib/thumb/v7e-m+fp/hard/libc_nano.a(lib_a-impure.o)
                              /Applications/STM32CubeIDE.app/Contents/Eclipse/plugins/com.st.stm32cube.ide.mcu.externaltools.gnu-tools-for-stm32.10.3-2021.10.macos64_1.0.100.202210260954/tools/bin/../lib/gcc/arm-none-eabi/10.3.1/../../../../arm-none-eabi/lib/thumb/v7e-m+fp/hard/libc_nano.a(lib_a-exit.o) (_global_impure_ptr)
/Applications/STM32CubeIDE.app/Contents/Eclipse/plugins/com.st.stm32cube.ide.mcu.externaltools.gnu-tools-for-stm32.10.3-2021.10.macos64_1.0.100.202210260954/tools/bin/../lib/gcc/arm-none-eabi/10.3.1/../../../../arm-none-eabi/lib/thumb/v7e-m+fp/hard/libc_nano.a(lib_a-init.o)
                              /Applications/STM32CubeIDE.app/Contents/Eclipse/plugins/com.st.stm32cube.ide.mcu.externaltools.gnu-tools-for-stm32.10.3-2021.10.macos64_1.0.100.202210260954/tools/bin/../lib/gcc/arm-none-eabi/10.3.1/../../../../arm-none-eabi/lib/thumb/v7e-m+fp/hard/crt0.o (__libc_init_array)
/Applications/STM32CubeIDE.app/Contents/Eclipse/plugins/com.st.stm32cube.ide.mcu.externaltools.gnu-tools-for-stm32.10.3-2021.10.macos64_1.0.100.202210260954/tools/bin/../lib/gcc/arm-none-eabi/10.3.1/../../../../arm-none-eabi/lib/thumb/v7e-m+fp/hard/libc_nano.a(lib_a-memset.o)
                              /Applications/STM32CubeIDE.app/Contents/Eclipse/plugins/com.st.stm32cube.ide.mcu.externaltools.gnu-tools-for-stm32.10.3-2021.10.macos64_1.0.100.202210260954/tools/bin/../lib/gcc/arm-none-eabi/10.3.1/../../../../arm-none-eabi/lib/thumb/v7e-m+fp/hard/crt0.o (memset)
/Applications/STM32CubeIDE.app/Contents/Eclipse/plugins/com.st.stm32cube.ide.mcu.externaltools.gnu-tools-for-stm32.10.3-2021.10.macos64_1.0.100.202210260954/tools/bin/../lib/gcc/arm-none-eabi/10.3.1/../../../../arm-none-eabi/lib/thumb/v7e-m+fp/hard/libc_nano.a(lib_a-sprintf.o)
                              ./Core/Src/uart.o (sprintf)
/Applications/STM32CubeIDE.app/Contents/Eclipse/plugins/com.st.stm32cube.ide.mcu.externaltools.gnu-tools-for-stm32.10.3-2021.10.macos64_1.0.100.202210260954/tools/bin/../lib/gcc/arm-none-eabi/10.3.1/../../../../arm-none-eabi/lib/thumb/v7e-m+fp/hard/libc_nano.a(lib_a-nano-svfprintf.o)
                              /Applications/STM32CubeIDE.app/Contents/Eclipse/plugins/com.st.stm32cube.ide.mcu.externaltools.gnu-tools-for-stm32.10.3-2021.10.macos64_1.0.100.202210260954/tools/bin/../lib/gcc/arm-none-eabi/10.3.1/../../../../arm-none-eabi/lib/thumb/v7e-m+fp/hard/libc_nano.a(lib_a-sprintf.o) (_svfprintf_r)
/Applications/STM32CubeIDE.app/Contents/Eclipse/plugins/com.st.stm32cube.ide.mcu.externaltools.gnu-tools-for-stm32.10.3-2021.10.macos64_1.0.100.202210260954/tools/bin/../lib/gcc/arm-none-eabi/10.3.1/../../../../arm-none-eabi/lib/thumb/v7e-m+fp/hard/libc_nano.a(lib_a-nano-vfprintf_i.o)
                              /Applications/STM32CubeIDE.app/Contents/Eclipse/plugins/com.st.stm32cube.ide.mcu.externaltools.gnu-tools-for-stm32.10.3-2021.10.macos64_1.0.100.202210260954/tools/bin/../lib/gcc/arm-none-eabi/10.3.1/../../../../arm-none-eabi/lib/thumb/v7e-m+fp/hard/libc_nano.a(lib_a-nano-svfprintf.o) (_printf_i)
/Applications/STM32CubeIDE.app/Contents/Eclipse/plugins/com.st.stm32cube.ide.mcu.externaltools.gnu-tools-for-stm32.10.3-2021.10.macos64_1.0.100.202210260954/tools/bin/../lib/gcc/arm-none-eabi/10.3.1/../../../../arm-none-eabi/lib/thumb/v7e-m+fp/hard/libc_nano.a(lib_a-memchr.o)
                              /Applications/STM32CubeIDE.app/Contents/Eclipse/plugins/com.st.stm32cube.ide.mcu.externaltools.gnu-tools-for-stm32.10.3-2021.10.macos64_1.0.100.202210260954/tools/bin/../lib/gcc/arm-none-eabi/10.3.1/../../../../arm-none-eabi/lib/thumb/v7e-m+fp/hard/libc_nano.a(lib_a-nano-svfprintf.o) (memchr)
[...]
Memory Configuration

Name             Origin             Length             Attributes
RAM              0x0000000020000000 0x0000000000018000 xrw
RAM2             0x0000000010000000 0x0000000000008000 xrw
FLASH            0x0000000008000000 0x0000000000100000 xr
*default*        0x0000000000000000 0xffffffffffffffff

Linker script and memory map

LOAD /Applications/STM32CubeIDE.app/Contents/Eclipse/plugins/com.st.stm32cube.ide.mcu.externaltools.gnu-tools-for-stm32.10.3-2021.10.macos64_1.0.100.202210260954/tools/bin/../lib/gcc/arm-none-eabi/10.3.1/thumb/v7e-m+fp/hard/crti.o
LOAD /Applications/STM32CubeIDE.app/Contents/Eclipse/plugins/com.st.stm32cube.ide.mcu.externaltools.gnu-tools-for-stm32.10.3-2021.10.macos64_1.0.100.202210260954/tools/bin/../lib/gcc/arm-none-eabi/10.3.1/thumb/v7e-m+fp/hard/crtbegin.o
LOAD /Applications/STM32CubeIDE.app/Contents/Eclipse/plugins/com.st.stm32cube.ide.mcu.externaltools.gnu-tools-for-stm32.10.3-2021.10.macos64_1.0.100.202210260954/tools/bin/../lib/gcc/arm-none-eabi/10.3.1/../../../../arm-none-eabi/lib/thumb/v7e-m+fp/hard/crt0.o
LOAD ./Core/Src/ILI9341.o
LOAD ./Core/Src/LCD_Methods.o
LOAD ./Core/Src/adc.o
LOAD ./Core/Src/default_data.o
LOAD ./Core/Src/joystick.o
LOAD ./Core/Src/main.o
LOAD ./Core/Src/stm32l4xx_hal_msp.o
LOAD ./Core/Src/stm32l4xx_it.o
LOAD ./Core/Src/syscalls.o
LOAD ./Core/Src/sysmem.o
LOAD ./Core/Src/system_stm32l4xx.o
LOAD ./Core/Src/uart.o
LOAD ./Core/Startup/startup_stm32l476rgtx.o
LOAD ./Drivers/STM32L4xx_HAL_Driver/Src/stm32l4xx_hal.o
LOAD ./Drivers/STM32L4xx_HAL_Driver/Src/stm32l4xx_hal_cortex.o
LOAD ./Drivers/STM32L4xx_HAL_Driver/Src/stm32l4xx_hal_dma.o
LOAD ./Drivers/STM32L4xx_HAL_Driver/Src/stm32l4xx_hal_dma_ex.o
LOAD ./Drivers/STM32L4xx_HAL_Driver/Src/stm32l4xx_hal_exti.o
LOAD ./Drivers/STM32L4xx_HAL_Driver/Src/stm32l4xx_hal_flash.o
LOAD ./Drivers/STM32L4xx_HAL_Driver/Src/stm32l4xx_hal_flash_ex.o
LOAD ./Drivers/STM32L4xx_HAL_Driver/Src/stm32l4xx_hal_flash_ramfunc.o
LOAD ./Drivers/STM32L4xx_HAL_Driver/Src/stm32l4xx_hal_gpio.o
LOAD ./Drivers/STM32L4xx_HAL_Driver/Src/stm32l4xx_hal_i2c.o
LOAD ./Drivers/STM32L4xx_HAL_Driver/Src/stm32l4xx_hal_i2c_ex.o
LOAD ./Drivers/STM32L4xx_HAL_Driver/Src/stm32l4xx_hal_pwr.o
LOAD ./Drivers/STM32L4xx_HAL_Driver/Src/stm32l4xx_hal_pwr_ex.o
LOAD ./Drivers/STM32L4xx_HAL_Driver/Src/stm32l4xx_hal_rcc.o
LOAD ./Drivers/STM32L4xx_HAL_Driver/Src/stm32l4xx_hal_rcc_ex.o
LOAD ./Drivers/STM32L4xx_HAL_Driver/Src/stm32l4xx_hal_rng.o
LOAD ./Drivers/STM32L4xx_HAL_Driver/Src/stm32l4xx_hal_spi.o
LOAD ./Drivers/STM32L4xx_HAL_Driver/Src/stm32l4xx_hal_spi_ex.o
LOAD ./Drivers/STM32L4xx_HAL_Driver/Src/stm32l4xx_hal_tim.o
LOAD ./Drivers/STM32L4xx_HAL_Driver/Src/stm32l4xx_hal_tim_ex.o
LOAD ./Drivers/STM32L4xx_HAL_Driver/Src/stm32l4xx_hal_uart.o
LOAD ./Drivers/STM32L4xx_HAL_Driver/Src/stm32l4xx_hal_uart_ex.o
START GROUP
LOAD /Applications/STM32CubeIDE.app/Contents/Eclipse/plugins/com.st.stm32cube.ide.mcu.externaltools.gnu-tools-for-stm32.10.3-2021.10.macos64_1.0.100.202210260954/tools/bin/../lib/gcc/arm-none-eabi/10.3.1/../../../../arm-none-eabi/lib/thumb/v7e-m+fp/hard/libc_nano.a
LOAD /Applications/STM32CubeIDE.app/Contents/Eclipse/plugins/com.st.stm32cube.ide.mcu.externaltools.gnu-tools-for-stm32.10.3-2021.10.macos64_1.0.100.202210260954/tools/bin/../lib/gcc/arm-none-eabi/10.3.1/../../../../arm-none-eabi/lib/thumb/v7e-m+fp/hard/libm.a
END GROUP
START GROUP
LOAD /Applications/STM32CubeIDE.app/Contents/Eclipse/plugins/com.st.stm32cube.ide.mcu.externaltools.gnu-tools-for-stm32.10.3-2021.10.macos64_1.0.100.202210260954/tools/bin/../lib/gcc/arm-none-eabi/10.3.1/thumb/v7e-m+fp/hard/libgcc.a
LOAD /Applications/STM32CubeIDE.app/Contents/Eclipse/plugins/com.st.stm32cube.ide.mcu.externaltools.gnu-tools-for-stm32.10.3-2021.10.macos64_1.0.100.202210260954/tools/bin/../lib/gcc/arm-none-eabi/10.3.1/../../../../arm-none-eabi/lib/thumb/v7e-m+fp/hard/libc_nano.a
END GROUP
START GROUP
LOAD /Applications/STM32CubeIDE.app/Contents/Eclipse/plugins/com.st.stm32cube.ide.mcu.externaltools.gnu-tools-for-stm32.10.3-2021.10.macos64_1.0.100.202210260954/tools/bin/../lib/gcc/arm-none-eabi/10.3.1/thumb/v7e-m+fp/hard/libgcc.a
LOAD /Applications/STM32CubeIDE.app/Contents/Eclipse/plugins/com.st.stm32cube.ide.mcu.externaltools.gnu-tools-for-stm32.10.3-2021.10.macos64_1.0.100.202210260954/tools/bin/../lib/gcc/arm-none-eabi/10.3.1/../../../../arm-none-eabi/lib/thumb/v7e-m+fp/hard/libc_nano.a
LOAD /Applications/STM32CubeIDE.app/Contents/Eclipse/plugins/com.st.stm32cube.ide.mcu.externaltools.gnu-tools-for-stm32.10.3-2021.10.macos64_1.0.100.202210260954/tools/bin/../lib/gcc/arm-none-eabi/10.3.1/../../../../arm-none-eabi/lib/thumb/v7e-m+fp/hard/libnosys.a
END GROUP
START GROUP
LOAD /Applications/STM32CubeIDE.app/Contents/Eclipse/plugins/com.st.stm32cube.ide.mcu.externaltools.gnu-tools-for-stm32.10.3-2021.10.macos64_1.0.100.202210260954/tools/bin/../lib/gcc/arm-none-eabi/10.3.1/thumb/v7e-m+fp/hard/libgcc.a
LOAD /Applications/STM32CubeIDE.app/Contents/Eclipse/plugins/com.st.stm32cube.ide.mcu.externaltools.gnu-tools-for-stm32.10.3-2021.10.macos64_1.0.100.202210260954/tools/bin/../lib/gcc/arm-none-eabi/10.3.1/../../../../arm-none-eabi/lib/thumb/v7e-m+fp/hard/libc_nano.a
LOAD /Applications/STM32CubeIDE.app/Contents/Eclipse/plugins/com.st.stm32cube.ide.mcu.externaltools.gnu-tools-for-stm32.10.3-2021.10.macos64_1.0.100.202210260954/tools/bin/../lib/gcc/arm-none-eabi/10.3.1/../../../../arm-none-eabi/lib/thumb/v7e-m+fp/hard/libnosys.a
END GROUP
LOAD /Applications/STM32CubeIDE.app/Contents/Eclipse/plugins/com.st.stm32cube.ide.mcu.externaltools.gnu-tools-for-stm32.10.3-2021.10.macos64_1.0.100.202210260954/tools/bin/../lib/gcc/arm-none-eabi/10.3.1/thumb/v7e-m+fp/hard/crtend.o
LOAD /Applications/STM32CubeIDE.app/Contents/Eclipse/plugins/com.st.stm32cube.ide.mcu.externaltools.gnu-tools-for-stm32.10.3-2021.10.macos64_1.0.100.202210260954/tools/bin/../lib/gcc/arm-none-eabi/10.3.1/thumb/v7e-m+fp/hard/crtn.o
                0x0000000020018000                _estack = (ORIGIN (RAM) + LENGTH (RAM))
                0x0000000000002000                _Min_Heap_Size = 0x2000
                0x0000000000004000                _Min_Stack_Size = 0x4000

.isr_vector     0x0000000008000000      0x188
                0x0000000008000000                . = ALIGN (0x4)
 *(.isr_vector)
 .isr_vector    0x0000000008000000      0x188 ./Core/Startup/startup_stm32l476rgtx.o
                0x0000000008000000                g_pfnVectors
                0x0000000008000188                . = ALIGN (0x4)

.text           0x0000000008000188     0x4d8c
                0x0000000008000188                . = ALIGN (0x4)
 *(.text)
 .text          0x0000000008000188       0x40 /Applications/STM32CubeIDE.app/Contents/Eclipse/plugins/com.st.stm32cube.ide.mcu.externaltools.gnu-tools-for-stm32.10.3-2021.10.macos64_1.0.100.202210260954/tools/bin/../lib/gcc/arm-none-eabi/10.3.1/thumb/v7e-m+fp/hard/crtbegin.o
 .text          0x00000000080001c8       0x30 /Applications/STM32CubeIDE.app/Contents/Eclipse/plugins/com.st.stm32cube.ide.mcu.externaltools.gnu-tools-for-stm32.10.3-2021.10.macos64_1.0.100.202210260954/tools/bin/../lib/gcc/arm-none-eabi/10.3.1/thumb/v7e-m+fp/hard/libgcc.a(_aeabi_uldivmod.o)
                0x00000000080001c8                __aeabi_uldivmod
 .text          0x00000000080001f8      0x2d0 /Applications/STM32CubeIDE.app/Contents/Eclipse/plugins/com.st.stm32cube.ide.mcu.externaltools.gnu-tools-for-stm32.10.3-2021.10.macos64_1.0.100.202210260954/tools/bin/../lib/gcc/arm-none-eabi/10.3.1/thumb/v7e-m+fp/hard/libgcc.a(_udivmoddi4.o)
                0x00000000080001f8                __udivmoddi4
 .text          0x00000000080004c8        0x4 /Applications/STM32CubeIDE.app/Contents/Eclipse/plugins/com.st.stm32cube.ide.mcu.externaltools.gnu-tools-for-stm32.10.3-2021.10.macos64_1.0.100.202210260954/tools/bin/../lib/gcc/arm-none-eabi/10.3.1/thumb/v7e-m+fp/hard/libgcc.a(_dvmd_tls.o)
                0x00000000080004c8                __aeabi_ldiv0
                0x00000000080004c8                __aeabi_idiv0
 *(.text*)
 .text.HAL_SPI_TxCpltCallback
                0x00000000080004cc       0x20 ./Core/Src/ILI9341.o
                0x00000000080004cc                HAL_SPI_TxCpltCallback
 .text.setReset
                0x00000000080004ec       0x2c ./Core/Src/ILI9341.o
 .text.setDC    0x0000000008000518       0x2c ./Core/Src/ILI9341.o
 .text.setCS    0x0000000008000544       0x30 ./Core/Src/ILI9341.o
 .text.writeCmd
                0x0000000008000574       0x28 ./Core/Src/ILI9341.o
 .text.writeData
                0x000000000800059c       0x28 ./Core/Src/ILI9341.o
 .text.writeData16
                0x00000000080005c4       0x3c ./Core/Src/ILI9341.o
 .text.ILI9341_Init
                0x0000000008000600       0x48 ./Core/Src/ILI9341.o
                0x0000000008000600                ILI9341_Init
 .text.ILI9341_sleepOut
                0x0000000008000648       0x20 ./Core/Src/ILI9341.o
                0x0000000008000648                ILI9341_sleepOut
 .text.ILI9341_setPixelFormat
                0x0000000008000668       0x5e ./Core/Src/ILI9341.o
                0x0000000008000668                ILI9341_setPixelFormat
 .text.ILI9341_setDisplayOn
                0x00000000080006c6       0x1a ./Core/Src/ILI9341.o
                0x00000000080006c6                ILI9341_setDisplayOn
 .text.ILI9341_setColumnAddress
                0x00000000080006e0       0x3a ./Core/Src/ILI9341.o
                0x00000000080006e0                ILI9341_setColumnAddress
 .text.ILI9341_setPageAddress
                0x000000000800071a       0x3a ./Core/Src/ILI9341.o
                0x000000000800071a                ILI9341_setPageAddress
 .text.ILI9341_MemoryWrite
                0x0000000008000754       0x7c ./Core/Src/ILI9341.o
                0x0000000008000754                ILI9341_MemoryWrite
 .text.ILI9341_setMemoryAccessControl
                0x00000000080007d0       0xc4 ./Core/Src/ILI9341.o
                0x00000000080007d0                ILI9341_setMemoryAccessControl
 .text.displayDir
                0x0000000008000894      0x120 ./Core/Src/LCD_Methods.o
                0x0000000008000894                displayDir
 .text.displayEmpty
                0x00000000080009b4       0x28 ./Core/Src/LCD_Methods.o
                0x00000000080009b4                displayEmpty
 .text.displayPass
                0x00000000080009dc       0x28 ./Core/Src/LCD_Methods.o
                0x00000000080009dc                displayPass
 .text.displayFail
                0x0000000008000a04       0x28 ./Core/Src/LCD_Methods.o
                0x0000000008000a04                displayFail
 .text.ADC12_Init
                0x0000000008000a2c      0x230 ./Core/Src/adc.o
                0x0000000008000a2c                ADC12_Init
 .text.readJoystick
                0x0000000008000c5c       0x5c ./Core/Src/joystick.o
                0x0000000008000c5c                readJoystick
 .text.startJoystickRead
                0x0000000008000cb8       0x30 ./Core/Src/joystick.o
                0x0000000008000cb8                startJoystickRead
 .text.checkJoystickComplete
                0x0000000008000ce8       0x38 ./Core/Src/joystick.o
                0x0000000008000ce8                checkJoystickComplete
 .text.setupJoystickButton
                0x0000000008000d20       0x48 ./Core/Src/joystick.o
                0x0000000008000d20                setupJoystickButton
 .text.detectButtonPress
                0x0000000008000d68       0x28 ./Core/Src/joystick.o
                0x0000000008000d68                detectButtonPress
 .text.main     0x0000000008000d90      0x240 ./Core/Src/main.o
                0x0000000008000d90                main
 .text.ADC1_2_IRQHandler
                0x0000000008000fd0       0x78 ./Core/Src/main.o
                0x0000000008000fd0                ADC1_2_IRQHandler
 .text.SystemClock_Config
                0x0000000008001048       0xa2 ./Core/Src/main.o
                0x0000000008001048                SystemClock_Config
 *fill*         0x00000000080010ea        0x2 
 .text.MX_RNG_Init
                0x00000000080010ec       0x28 ./Core/Src/main.o
 .text.MX_SPI1_Init
                0x0000000008001114       0x7c ./Core/Src/main.o
 .text.MX_USART2_UART_Init
                0x0000000008001190       0x60 ./Core/Src/main.o
 .text.MX_DMA_Init
                0x00000000080011f0       0x3c ./Core/Src/main.o
 .text.MX_GPIO_Init
                0x000000000800122c      0x128 ./Core/Src/main.o
 .text.Error_Handler
                0x0000000008001354        0xa ./Core/Src/main.o
                0x0000000008001354                Error_Handler
 *fill*         0x000000000800135e        0x2 
 .text.HAL_MspInit
                0x0000000008001360       0x48 ./Core/Src/stm32l4xx_hal_msp.o
                0x0000000008001360                HAL_MspInit
 .text.HAL_RNG_MspInit
                0x00000000080013a8       0x88 ./Core/Src/stm32l4xx_hal_msp.o
                0x00000000080013a8                HAL_RNG_MspInit
 .text.HAL_SPI_MspInit
                0x0000000008001430       0xf0 ./Core/Src/stm32l4xx_hal_msp.o
                0x0000000008001430                HAL_SPI_MspInit
 .text.HAL_UART_MspInit
                0x0000000008001520       0xb8 ./Core/Src/stm32l4xx_hal_msp.o
                0x0000000008001520                HAL_UART_MspInit
 .text.NMI_Handler
                0x00000000080015d8        0x6 ./Core/Src/stm32l4xx_it.o
                0x00000000080015d8                NMI_Handler
 .text.HardFault_Handler
                0x00000000080015de        0x6 ./Core/Src/stm32l4xx_it.o
                0x00000000080015de                HardFault_Handler
 .text.MemManage_Handler
                0x00000000080015e4        0x6 ./Core/Src/stm32l4xx_it.o
                0x00000000080015e4                MemManage_Handler
 .text.BusFault_Handler
                0x00000000080015ea        0x6 ./Core/Src/stm32l4xx_it.o
                0x00000000080015ea                BusFault_Handler
 .text.UsageFault_Handler
                0x00000000080015f0        0x6 ./Core/Src/stm32l4xx_it.o
                0x00000000080015f0                UsageFault_Handler
 .text.SVC_Handler
                0x00000000080015f6        0xe ./Core/Src/stm32l4xx_it.o
                0x00000000080015f6                SVC_Handler
 .text.DebugMon_Handler
                0x0000000008001604        0xe ./Core/Src/stm32l4xx_it.o
                0x0000000008001604                DebugMon_Handler
 .text.PendSV_Handler
                0x0000000008001612        0xe ./Core/Src/stm32l4xx_it.o
                0x0000000008001612                PendSV_Handler
 .text.SysTick_Handler
                0x0000000008001620        0xc ./Core/Src/stm32l4xx_it.o
                0x0000000008001620                SysTick_Handler
 .text.DMA1_Channel3_IRQHandler
                0x000000000800162c       0x14 ./Core/Src/stm32l4xx_it.o
                0x000000000800162c                DMA1_Channel3_IRQHandler
 .text.SPI1_IRQHandler
                0x0000000008001640       0x14 ./Core/Src/stm32l4xx_it.o
                0x0000000008001640                SPI1_IRQHandler
 .text.SystemInit
                0x0000000008001654       0x24 ./Core/Src/system_stm32l4xx.o
                0x0000000008001654                SystemInit
 .text.Reset_Handler
                0x0000000008001678       0x50 ./Core/Startup/startup_stm32l476rgtx.o
                0x0000000008001678                Reset_Handler
 .text.Default_Handler
                0x00000000080016c8        0x2 ./Core/Startup/startup_stm32l476rgtx.o
                0x00000000080016c8                TIM1_BRK_TIM15_IRQHandler
                0x00000000080016c8                EXTI2_IRQHandler
                0x00000000080016c8                TIM8_TRG_COM_IRQHandler
                0x00000000080016c8                TIM8_CC_IRQHandler
                0x00000000080016c8                TIM1_CC_IRQHandler
                0x00000000080016c8                TSC_IRQHandler
                0x00000000080016c8                TAMP_STAMP_IRQHandler
                0x00000000080016c8                EXTI3_IRQHandler
                0x00000000080016c8                LPTIM2_IRQHandler
                0x00000000080016c8                DFSDM1_FLT1_IRQHandler
                0x00000000080016c8                I2C3_ER_IRQHandler
                0x00000000080016c8                DFSDM1_FLT2_IRQHandler
                0x00000000080016c8                EXTI0_IRQHandler
                0x00000000080016c8                I2C2_EV_IRQHandler
                0x00000000080016c8                CAN1_RX0_IRQHandler
                0x00000000080016c8                FPU_IRQHandler
                0x00000000080016c8                TIM1_UP_TIM16_IRQHandler
                0x00000000080016c8                TIM6_DAC_IRQHandler
                0x00000000080016c8                TIM8_UP_IRQHandler
                0x00000000080016c8                DMA2_Channel2_IRQHandler
                0x00000000080016c8                DMA1_Channel4_IRQHandler
                0x00000000080016c8                SAI2_IRQHandler
                0x00000000080016c8                DFSDM1_FLT3_IRQHandler
                0x00000000080016c8                USART3_IRQHandler
                0x00000000080016c8                DMA1_Channel7_IRQHandler
                0x00000000080016c8                CAN1_RX1_IRQHandler
                0x00000000080016c8                LCD_IRQHandler
                0x00000000080016c8                UART5_IRQHandler
                0x00000000080016c8                ADC3_IRQHandler
                0x00000000080016c8                TIM4_IRQHandler
                0x00000000080016c8                DMA2_Channel1_IRQHandler
                0x00000000080016c8                QUADSPI_IRQHandler
                0x00000000080016c8                I2C1_EV_IRQHandler
                0x00000000080016c8                DMA1_Channel6_IRQHandler
                0x00000000080016c8                UART4_IRQHandler
                0x00000000080016c8                DMA2_Channel4_IRQHandler
                0x00000000080016c8                TIM3_IRQHandler
                0x00000000080016c8                RCC_IRQHandler
                0x00000000080016c8                DMA1_Channel1_IRQHandler
                0x00000000080016c8                Default_Handler
                0x00000000080016c8                DMA2_Channel7_IRQHandler
                0x00000000080016c8                EXTI15_10_IRQHandler
                0x00000000080016c8                TIM7_IRQHandler
                0x00000000080016c8                SDMMC1_IRQHandler
                0x00000000080016c8                TIM5_IRQHandler
                0x00000000080016c8                I2C3_EV_IRQHandler
                0x00000000080016c8                EXTI9_5_IRQHandler
                0x00000000080016c8                RTC_WKUP_IRQHandler
                0x00000000080016c8                PVD_PVM_IRQHandler
                0x00000000080016c8                SPI2_IRQHandler
                0x00000000080016c8                CAN1_TX_IRQHandler
                0x00000000080016c8                DMA2_Channel5_IRQHandler
                0x00000000080016c8                DMA1_Channel5_IRQHandler
                0x00000000080016c8                EXTI4_IRQHandler
                0x00000000080016c8                RNG_IRQHandler
                0x00000000080016c8                TIM1_TRG_COM_TIM17_IRQHandler
                0x00000000080016c8                COMP_IRQHandler
                0x00000000080016c8                WWDG_IRQHandler
                0x00000000080016c8                LPUART1_IRQHandler
                0x00000000080016c8                DMA2_Channel6_IRQHandler
                0x00000000080016c8                TIM2_IRQHandler
                0x00000000080016c8                EXTI1_IRQHandler
                0x00000000080016c8                USART2_IRQHandler
                0x00000000080016c8                DFSDM1_FLT0_IRQHandler
                0x00000000080016c8                I2C2_ER_IRQHandler
                0x00000000080016c8                DMA1_Channel2_IRQHandler
                0x00000000080016c8                TIM8_BRK_IRQHandler
                0x00000000080016c8                CAN1_SCE_IRQHandler
                0x00000000080016c8                FLASH_IRQHandler
                0x00000000080016c8                USART1_IRQHandler
                0x00000000080016c8                OTG_FS_IRQHandler
                0x00000000080016c8                SPI3_IRQHandler
                0x00000000080016c8                I2C1_ER_IRQHandler
                0x00000000080016c8                FMC_IRQHandler
                0x00000000080016c8                SWPMI1_IRQHandler
                0x00000000080016c8                LPTIM1_IRQHandler
                0x00000000080016c8                SAI1_IRQHandler
                0x00000000080016c8                DMA2_Channel3_IRQHandler
                0x00000000080016c8                RTC_Alarm_IRQHandler
 *fill*         0x00000000080016ca        0x2 
 .text.HAL_Init
                0x00000000080016cc       0x40 ./Drivers/STM32L4xx_HAL_Driver/Src/stm32l4xx_hal.o
                0x00000000080016cc                HAL_Init
 .text.HAL_InitTick
                0x000000000800170c       0x78 ./Drivers/STM32L4xx_HAL_Driver/Src/stm32l4xx_hal.o
                0x000000000800170c                HAL_InitTick
 .text.HAL_IncTick
                0x0000000008001784       0x28 ./Drivers/STM32L4xx_HAL_Driver/Src/stm32l4xx_hal.o
                0x0000000008001784                HAL_IncTick
 .text.HAL_GetTick
                0x00000000080017ac       0x18 ./Drivers/STM32L4xx_HAL_Driver/Src/stm32l4xx_hal.o
                0x00000000080017ac                HAL_GetTick
 .text.HAL_Delay
                0x00000000080017c4       0x48 ./Drivers/STM32L4xx_HAL_Driver/Src/stm32l4xx_hal.o
                0x00000000080017c4                HAL_Delay
 .text.__NVIC_SetPriorityGrouping
                0x000000000800180c       0x48 ./Drivers/STM32L4xx_HAL_Driver/Src/stm32l4xx_hal_cortex.o
 .text.__NVIC_GetPriorityGrouping
                0x0000000008001854       0x1c ./Drivers/STM32L4xx_HAL_Driver/Src/stm32l4xx_hal_cortex.o
 .text.__NVIC_EnableIRQ
                0x0000000008001870       0x3c ./Drivers/STM32L4xx_HAL_Driver/Src/stm32l4xx_hal_cortex.o
 .text.__NVIC_SetPriority
                0x00000000080018ac       0x54 ./Drivers/STM32L4xx_HAL_Driver/Src/stm32l4xx_hal_cortex.o
 .text.NVIC_EncodePriority
                0x0000000008001900       0x66 ./Drivers/STM32L4xx_HAL_Driver/Src/stm32l4xx_hal_cortex.o
 *fill*         0x0000000008001966        0x2 
 .text.SysTick_Config
                0x0000000008001968       0x44 ./Drivers/STM32L4xx_HAL_Driver/Src/stm32l4xx_hal_cortex.o
 .text.HAL_NVIC_SetPriorityGrouping
                0x00000000080019ac       0x16 ./Drivers/STM32L4xx_HAL_Driver/Src/stm32l4xx_hal_cortex.o
                0x00000000080019ac                HAL_NVIC_SetPriorityGrouping
 .text.HAL_NVIC_SetPriority
                0x00000000080019c2       0x38 ./Drivers/STM32L4xx_HAL_Driver/Src/stm32l4xx_hal_cortex.o
                0x00000000080019c2                HAL_NVIC_SetPriority
 .text.HAL_NVIC_EnableIRQ
                0x00000000080019fa       0x1c ./Drivers/STM32L4xx_HAL_Driver/Src/stm32l4xx_hal_cortex.o
                0x00000000080019fa                HAL_NVIC_EnableIRQ
 .text.HAL_SYSTICK_Config
                0x0000000008001a16       0x18 ./Drivers/STM32L4xx_HAL_Driver/Src/stm32l4xx_hal_cortex.o
                0x0000000008001a16                HAL_SYSTICK_Config
 *fill*         0x0000000008001a2e        0x2 
 .text.HAL_DMA_Init
                0x0000000008001a30      0x170 ./Drivers/STM32L4xx_HAL_Driver/Src/stm32l4xx_hal_dma.o
                0x0000000008001a30                HAL_DMA_Init
 .text.HAL_DMA_Start_IT
                0x0000000008001ba0       0xc0 ./Drivers/STM32L4xx_HAL_Driver/Src/stm32l4xx_hal_dma.o
                0x0000000008001ba0                HAL_DMA_Start_IT
 .text.HAL_DMA_Abort_IT
                0x0000000008001c60       0x82 ./Drivers/STM32L4xx_HAL_Driver/Src/stm32l4xx_hal_dma.o
                0x0000000008001c60                HAL_DMA_Abort_IT
 .text.HAL_DMA_IRQHandler
                0x0000000008001ce2      0x15e ./Drivers/STM32L4xx_HAL_Driver/Src/stm32l4xx_hal_dma.o
                0x0000000008001ce2                HAL_DMA_IRQHandler
 .text.DMA_SetConfig
                0x0000000008001e40       0x60 ./Drivers/STM32L4xx_HAL_Driver/Src/stm32l4xx_hal_dma.o
 .text.HAL_GPIO_Init
                0x0000000008001ea0      0x354 ./Drivers/STM32L4xx_HAL_Driver/Src/stm32l4xx_hal_gpio.o
                0x0000000008001ea0                HAL_GPIO_Init
 .text.HAL_GPIO_WritePin
                0x00000000080021f4       0x30 ./Drivers/STM32L4xx_HAL_Driver/Src/stm32l4xx_hal_gpio.o
                0x00000000080021f4                HAL_GPIO_WritePin
 .text.HAL_PWREx_GetVoltageRange
                0x0000000008002224       0x1c ./Drivers/STM32L4xx_HAL_Driver/Src/stm32l4xx_hal_pwr_ex.o
                0x0000000008002224                HAL_PWREx_GetVoltageRange
 .text.HAL_PWREx_ControlVoltageScaling
                0x0000000008002240       0xac ./Drivers/STM32L4xx_HAL_Driver/Src/stm32l4xx_hal_pwr_ex.o
                0x0000000008002240                HAL_PWREx_ControlVoltageScaling
 .text.HAL_RCC_OscConfig
                0x00000000080022ec      0x7b8 ./Drivers/STM32L4xx_HAL_Driver/Src/stm32l4xx_hal_rcc.o
                0x00000000080022ec                HAL_RCC_OscConfig
 .text.HAL_RCC_ClockConfig
                0x0000000008002aa4      0x200 ./Drivers/STM32L4xx_HAL_Driver/Src/stm32l4xx_hal_rcc.o
                0x0000000008002aa4                HAL_RCC_ClockConfig
 .text.HAL_RCC_GetSysClockFreq
                0x0000000008002ca4      0x118 ./Drivers/STM32L4xx_HAL_Driver/Src/stm32l4xx_hal_rcc.o
                0x0000000008002ca4                HAL_RCC_GetSysClockFreq
 .text.HAL_RCC_GetHCLKFreq
                0x0000000008002dbc       0x18 ./Drivers/STM32L4xx_HAL_Driver/Src/stm32l4xx_hal_rcc.o
                0x0000000008002dbc                HAL_RCC_GetHCLKFreq
 .text.HAL_RCC_GetPCLK1Freq
                0x0000000008002dd4       0x2c ./Drivers/STM32L4xx_HAL_Driver/Src/stm32l4xx_hal_rcc.o
                0x0000000008002dd4                HAL_RCC_GetPCLK1Freq
 .text.HAL_RCC_GetPCLK2Freq
                0x0000000008002e00       0x2c ./Drivers/STM32L4xx_HAL_Driver/Src/stm32l4xx_hal_rcc.o
                0x0000000008002e00                HAL_RCC_GetPCLK2Freq
 .text.RCC_SetFlashLatencyFromMSIRange
                0x0000000008002e2c       0xc0 ./Drivers/STM32L4xx_HAL_Driver/Src/stm32l4xx_hal_rcc.o
 .text.HAL_RCCEx_PeriphCLKConfig
                0x0000000008002eec      0x5d4 ./Drivers/STM32L4xx_HAL_Driver/Src/stm32l4xx_hal_rcc_ex.o
                0x0000000008002eec                HAL_RCCEx_PeriphCLKConfig
 .text.RCCEx_PLLSAI1_Config
                0x00000000080034c0      0x1e8 ./Drivers/STM32L4xx_HAL_Driver/Src/stm32l4xx_hal_rcc_ex.o
 .text.RCCEx_PLLSAI2_Config
                0x00000000080036a8      0x1bc ./Drivers/STM32L4xx_HAL_Driver/Src/stm32l4xx_hal_rcc_ex.o
 .text.HAL_RNG_Init
                0x0000000008003864       0xae ./Drivers/STM32L4xx_HAL_Driver/Src/stm32l4xx_hal_rng.o
                0x0000000008003864                HAL_RNG_Init
 .text.HAL_SPI_Init
                0x0000000008003912      0x146 ./Drivers/STM32L4xx_HAL_Driver/Src/stm32l4xx_hal_spi.o
                0x0000000008003912                HAL_SPI_Init
 .text.HAL_SPI_Transmit
                0x0000000008003a58      0x2dc ./Drivers/STM32L4xx_HAL_Driver/Src/stm32l4xx_hal_spi.o
                0x0000000008003a58                HAL_SPI_Transmit
 .text.HAL_SPI_Transmit_DMA
                0x0000000008003d34      0x1e8 ./Drivers/STM32L4xx_HAL_Driver/Src/stm32l4xx_hal_spi.o
                0x0000000008003d34                HAL_SPI_Transmit_DMA
 .text.HAL_SPI_IRQHandler
                0x0000000008003f1c      0x200 ./Drivers/STM32L4xx_HAL_Driver/Src/stm32l4xx_hal_spi.o
                0x0000000008003f1c                HAL_SPI_IRQHandler
 .text.HAL_SPI_TxHalfCpltCallback
                0x000000000800411c       0x14 ./Drivers/STM32L4xx_HAL_Driver/Src/stm32l4xx_hal_spi.o
                0x000000000800411c                HAL_SPI_TxHalfCpltCallback
 .text.HAL_SPI_ErrorCallback
                0x0000000008004130       0x14 ./Drivers/STM32L4xx_HAL_Driver/Src/stm32l4xx_hal_spi.o
                0x0000000008004130                HAL_SPI_ErrorCallback
 .text.SPI_DMATransmitCplt
                0x0000000008004144       0xa6 ./Drivers/STM32L4xx_HAL_Driver/Src/stm32l4xx_hal_spi.o
 .text.SPI_DMAHalfTransmitCplt
                0x00000000080041ea       0x1c ./Drivers/STM32L4xx_HAL_Driver/Src/stm32l4xx_hal_spi.o
 .text.SPI_DMAError
                0x0000000008004206       0x40 ./Drivers/STM32L4xx_HAL_Driver/Src/stm32l4xx_hal_spi.o
 .text.SPI_DMAAbortOnError
                0x0000000008004246       0x2a ./Drivers/STM32L4xx_HAL_Driver/Src/stm32l4xx_hal_spi.o
 .text.SPI_WaitFlagStateUntilTimeout
                0x0000000008004270      0x110 ./Drivers/STM32L4xx_HAL_Driver/Src/stm32l4xx_hal_spi.o
 .text.SPI_WaitFifoStateUntilTimeout
                0x0000000008004380      0x12c ./Drivers/STM32L4xx_HAL_Driver/Src/stm32l4xx_hal_spi.o
 .text.SPI_EndRxTxTransaction
                0x00000000080044ac       0x8c ./Drivers/STM32L4xx_HAL_Driver/Src/stm32l4xx_hal_spi.o
 .text.HAL_UART_Init
                0x0000000008004538       0x9c ./Drivers/STM32L4xx_HAL_Driver/Src/stm32l4xx_hal_uart.o
                0x0000000008004538                HAL_UART_Init
 .text.UART_SetConfig
                0x00000000080045d4      0x570 ./Drivers/STM32L4xx_HAL_Driver/Src/stm32l4xx_hal_uart.o
                0x00000000080045d4                UART_SetConfig
 .text.UART_AdvFeatureConfig
                0x0000000008004b44      0x144 ./Drivers/STM32L4xx_HAL_Driver/Src/stm32l4xx_hal_uart.o
                0x0000000008004b44                UART_AdvFeatureConfig
 .text.UART_CheckIdleState
                0x0000000008004c88       0x92 ./Drivers/STM32L4xx_HAL_Driver/Src/stm32l4xx_hal_uart.o
                0x0000000008004c88                UART_CheckIdleState
 .text.UART_WaitOnFlagUntilTimeout
                0x0000000008004d1a      0x188 ./Drivers/STM32L4xx_HAL_Driver/Src/stm32l4xx_hal_uart.o
                0x0000000008004d1a                UART_WaitOnFlagUntilTimeout
 *fill*         0x0000000008004ea2        0x2 
 .text.__libc_init_array
                0x0000000008004ea4       0x48 /Applications/STM32CubeIDE.app/Contents/Eclipse/plugins/com.st.stm32cube.ide.mcu.externaltools.gnu-tools-for-stm32.10.3-2021.10.macos64_1.0.100.202210260954/tools/bin/../lib/gcc/arm-none-eabi/10.3.1/../../../../arm-none-eabi/lib/thumb/v7e-m+fp/hard/libc_nano.a(lib_a-init.o)
                0x0000000008004ea4                __libc_init_array
 .text.memset   0x0000000008004eec       0x10 /Applications/STM32CubeIDE.app/Contents/Eclipse/plugins/com.st.stm32cube.ide.mcu.externaltools.gnu-tools-for-stm32.10.3-2021.10.macos64_1.0.100.202210260954/tools/bin/../lib/gcc/arm-none-eabi/10.3.1/../../../../arm-none-eabi/lib/thumb/v7e-m+fp/hard/libc_nano.a(lib_a-memset.o)
                0x0000000008004eec                memset
 *(.glue_7)
 .glue_7        0x0000000008004efc        0x0 linker stubs
 *(.glue_7t)
 .glue_7t       0x0000000008004efc        0x0 linker stubs
 *(.eh_frame)
 .eh_frame      0x0000000008004efc        0x0 /Applications/STM32CubeIDE.app/Contents/Eclipse/plugins/com.st.stm32cube.ide.mcu.externaltools.gnu-tools-for-stm32.10.3-2021.10.macos64_1.0.100.202210260954/tools/bin/../lib/gcc/arm-none-eabi/10.3.1/thumb/v7e-m+fp/hard/crtbegin.o
 *(.init)
 .init          0x0000000008004efc        0x4 /Applications/STM32CubeIDE.app/Contents/Eclipse/plugins/com.st.stm32cube.ide.mcu.externaltools.gnu-tools-for-stm32.10.3-2021.10.macos64_1.0.100.202210260954/tools/bin/../lib/gcc/arm-none-eabi/10.3.1/thumb/v7e-m+fp/hard/crti.o
                0x0000000008004efc                _init
 .init          0x0000000008004f00        0x8 /Applications/STM32CubeIDE.app/Contents/Eclipse/plugins/com.st.stm32cube.ide.mcu.externaltools.gnu-tools-for-stm32.10.3-2021.10.macos64_1.0.100.202210260954/tools/bin/../lib/gcc/arm-none-eabi/10.3.1/thumb/v7e-m+fp/hard/crtn.o
 *(.fini)
 .fini          0x0000000008004f08        0x4 /Applications/STM32CubeIDE.app/Contents/Eclipse/plugins/com.st.stm32cube.ide.mcu.externaltools.gnu-tools-for-stm32.10.3-2021.10.macos64_1.0.100.202210260954/tools/bin/../lib/gcc/arm-none-eabi/10.3.1/thumb/v7e-m+fp/hard/crti.o
                0x0000000008004f08                _fini
 .fini          0x0000000008004f0c        0x8 /Applications/STM32CubeIDE.app/Contents/Eclipse/plugins/com.st.stm32cube.ide.mcu.externaltools.gnu-tools-for-stm32.10.3-2021.10.macos64_1.0.100.202210260954/tools/bin/../lib/gcc/arm-none-eabi/10.3.1/thumb/v7e-m+fp/hard/crtn.o
                0x0000000008004f14                . = ALIGN (0x4)
                0x0000000008004f14                _etext = .

.vfp11_veneer   0x0000000008004f14        0x0
 .vfp11_veneer  0x0000000008004f14        0x0 linker stubs

.v4_bx          0x0000000008004f14        0x0
 .v4_bx         0x0000000008004f14        0x0 linker stubs

.iplt           0x0000000008004f14        0x0
 .iplt          0x0000000008004f14        0x0 /Applications/STM32CubeIDE.app/Contents/Eclipse/plugins/com.st.stm32cube.ide.mcu.externaltools.gnu-tools-for-stm32.10.3-2021.10.macos64_1.0.100.202210260954/tools/bin/../lib/gcc/arm-none-eabi/10.3.1/thumb/v7e-m+fp/hard/crtbegin.o

.rodata         0x0000000008004f14       0x50
                0x0000000008004f14                . = ALIGN (0x4)
 *(.rodata)
 .rodata        0x0000000008004f14        0x1 ./Core/Src/ILI9341.o
 *fill*         0x0000000008004f15        0x3 
 .rodata        0x0000000008004f18        0x4 ./Core/Src/main.o
 *(.rodata*)
 .rodata.AHBPrescTable
                0x0000000008004f1c       0x10 ./Core/Src/system_stm32l4xx.o
                0x0000000008004f1c                AHBPrescTable
 .rodata.APBPrescTable
                0x0000000008004f2c        0x8 ./Core/Src/system_stm32l4xx.o
                0x0000000008004f2c                APBPrescTable
 .rodata.MSIRangeTable
                0x0000000008004f34       0x30 ./Core/Src/system_stm32l4xx.o
                0x0000000008004f34                MSIRangeTable
                0x0000000008004f64                . = ALIGN (0x4)

.user_data      0x0000000008004f64    0x96000
 .user_data     0x0000000008004f64    0x96000 ./Core/Src/default_data.o
                0x0000000008004f64                defaultData_white
                0x000000000802a764                defaultData_red
                0x000000000804ff64                defaultData_green
                0x0000000008075764                defaultData_blue

.ARM.extab      0x000000000809af64        0x0
                0x000000000809af64                . = ALIGN (0x4)
 *(.ARM.extab* .gnu.linkonce.armextab.*)
                0x000000000809af64                . = ALIGN (0x4)

.ARM            0x000000000809af64        0x8
                0x000000000809af64                . = ALIGN (0x4)
                0x000000000809af64                __exidx_start = .
 *(.ARM.exidx*)
 .ARM.exidx     0x000000000809af64        0x8 /Applications/STM32CubeIDE.app/Contents/Eclipse/plugins/com.st.stm32cube.ide.mcu.externaltools.gnu-tools-for-stm32.10.3-2021.10.macos64_1.0.100.202210260954/tools/bin/../lib/gcc/arm-none-eabi/10.3.1/thumb/v7e-m+fp/hard/libgcc.a(_udivmoddi4.o)
                0x000000000809af6c                __exidx_end = .
                0x000000000809af6c                . = ALIGN (0x4)

.rel.dyn        0x000000000809af6c        0x0
 .rel.iplt      0x000000000809af6c        0x0 /Applications/STM32CubeIDE.app/Contents/Eclipse/plugins/com.st.stm32cube.ide.mcu.externaltools.gnu-tools-for-stm32.10.3-2021.10.macos64_1.0.100.202210260954/tools/bin/../lib/gcc/arm-none-eabi/10.3.1/thumb/v7e-m+fp/hard/crtbegin.o

.preinit_array  0x000000000809af6c        0x0
                0x000000000809af6c                . = ALIGN (0x4)
                0x000000000809af6c                PROVIDE (__preinit_array_start = .)
 *(.preinit_array*)
                0x000000000809af6c                PROVIDE (__preinit_array_end = .)
                0x000000000809af6c                . = ALIGN (0x4)

.init_array     0x000000000809af6c        0x4
                0x000000000809af6c                . = ALIGN (0x4)
                0x000000000809af6c                PROVIDE (__init_array_start = .)
 *(SORT_BY_NAME(.init_array.*))
 *(.init_array*)
 .init_array    0x000000000809af6c        0x4 /Applications/STM32CubeIDE.app/Contents/Eclipse/plugins/com.st.stm32cube.ide.mcu.externaltools.gnu-tools-for-stm32.10.3-2021.10.macos64_1.0.100.202210260954/tools/bin/../lib/gcc/arm-none-eabi/10.3.1/thumb/v7e-m+fp/hard/crtbegin.o
                0x000000000809af70                PROVIDE (__init_array_end = .)
                0x000000000809af70                . = ALIGN (0x4)

.fini_array     0x000000000809af70        0x4
                0x000000000809af70                . = ALIGN (0x4)
                [!provide]                        PROVIDE (__fini_array_start = .)
 *(SORT_BY_NAME(.fini_array.*))
 *(.fini_array*)
 .fini_array    0x000000000809af70        0x4 /Applications/STM32CubeIDE.app/Contents/Eclipse/plugins/com.st.stm32cube.ide.mcu.externaltools.gnu-tools-for-stm32.10.3-2021.10.macos64_1.0.100.202210260954/tools/bin/../lib/gcc/arm-none-eabi/10.3.1/thumb/v7e-m+fp/hard/crtbegin.o
                [!provide]                        PROVIDE (__fini_array_end = .)
                0x000000000809af74                . = ALIGN (0x4)
                0x000000000809af74                _sidata = LOADADDR (.data)

.data           0x0000000020000000        0xc load address 0x000000000809af74
                0x0000000020000000                . = ALIGN (0x4)
                0x0000000020000000                _sdata = .
 *(.data)
 *(.data*)
 .data.SystemCoreClock
                0x0000000020000000        0x4 ./Core/Src/system_stm32l4xx.o
                0x0000000020000000                SystemCoreClock
 .data.uwTickPrio
                0x0000000020000004        0x4 ./Drivers/STM32L4xx_HAL_Driver/Src/stm32l4xx_hal.o
                0x0000000020000004                uwTickPrio
 .data.uwTickFreq
                0x0000000020000008        0x1 ./Drivers/STM32L4xx_HAL_Driver/Src/stm32l4xx_hal.o
                0x0000000020000008                uwTickFreq
 *(.RamFunc)
 *(.RamFunc*)
                0x000000002000000c                . = ALIGN (0x4)
 *fill*         0x0000000020000009        0x3 
                0x000000002000000c                _edata = .

.igot.plt       0x000000002000000c        0x0 load address 0x000000000809af80
 .igot.plt      0x000000002000000c        0x0 /Applications/STM32CubeIDE.app/Contents/Eclipse/plugins/com.st.stm32cube.ide.mcu.externaltools.gnu-tools-for-stm32.10.3-2021.10.macos64_1.0.100.202210260954/tools/bin/../lib/gcc/arm-none-eabi/10.3.1/thumb/v7e-m+fp/hard/crtbegin.o
                0x000000002000000c                . = ALIGN (0x4)

.bss            0x000000002000000c      0x16c load address 0x000000000809af80
                0x000000002000000c                _sbss = .
                0x000000002000000c                __bss_start__ = _sbss
 *(.bss)
 .bss           0x000000002000000c       0x1c /Applications/STM32CubeIDE.app/Contents/Eclipse/plugins/com.st.stm32cube.ide.mcu.externaltools.gnu-tools-for-stm32.10.3-2021.10.macos64_1.0.100.202210260954/tools/bin/../lib/gcc/arm-none-eabi/10.3.1/thumb/v7e-m+fp/hard/crtbegin.o
 *(.bss*)
 .bss.flg_done  0x0000000020000028        0x1 ./Core/Src/ILI9341.o
 *fill*         0x0000000020000029        0x3 
 .bss.hrng      0x000000002000002c       0x10 ./Core/Src/main.o
                0x000000002000002c                hrng
 .bss.hspi1     0x000000002000003c       0x64 ./Core/Src/main.o
                0x000000002000003c                hspi1
 .bss.hdma_spi1_tx
                0x00000000200000a0       0x48 ./Core/Src/main.o
                0x00000000200000a0                hdma_spi1_tx
 .bss.huart2    0x00000000200000e8       0x84 ./Core/Src/main.o
                0x00000000200000e8                huart2
 .bss.adc1_value
                0x000000002000016c        0x2 ./Core/Src/main.o
                0x000000002000016c                adc1_value
 .bss.adc1_ready
                0x000000002000016e        0x1 ./Core/Src/main.o
                0x000000002000016e                adc1_ready
 *fill*         0x000000002000016f        0x1 
 .bss.adc2_value
                0x0000000020000170        0x2 ./Core/Src/main.o
                0x0000000020000170                adc2_value
 .bss.adc2_ready
                0x0000000020000172        0x1 ./Core/Src/main.o
                0x0000000020000172                adc2_ready
 *fill*         0x0000000020000173        0x1 
 .bss.uwTick    0x0000000020000174        0x4 ./Drivers/STM32L4xx_HAL_Driver/Src/stm32l4xx_hal.o
                0x0000000020000174                uwTick
 *(COMMON)
                0x0000000020000178                . = ALIGN (0x4)
                0x0000000020000178                _ebss = .
                0x0000000020000178                __bss_end__ = _ebss

._user_heap_stack
                0x0000000020000178     0x6000 load address 0x000000000809af80
                0x0000000020000178                . = ALIGN (0x8)
                [!provide]                        PROVIDE (end = .)
                0x0000000020000178                PROVIDE (_end = .)
                0x0000000020002178                . = (. + _Min_Heap_Size)
 *fill*         0x0000000020000178     0x2000 
                0x0000000020006178                . = (. + _Min_Stack_Size)
 *fill*         0x0000000020002178     0x4000 
                0x0000000020006178                . = ALIGN (0x8)

/DISCARD/
 libc.a(*)
 libm.a(*)
 libgcc.a(*)

.ARM.attributes
                0x0000000000000000       0x30
 *(.ARM.attributes)
 .ARM.attributes
                0x0000000000000000       0x1e /Applications/STM32CubeIDE.app/Contents/Eclipse/plugins/com.st.stm32cube.ide.mcu.externaltools.gnu-tools-for-stm32.10.3-2021.10.macos64_1.0.100.202210260954/tools/bin/../lib/gcc/arm-none-eabi/10.3.1/thumb/v7e-m+fp/hard/crti.o
 .ARM.attributes
                0x000000000000001e       0x34 /Applications/STM32CubeIDE.app/Contents/Eclipse/plugins/com.st.stm32cube.ide.mcu.externaltools.gnu-tools-for-stm32.10.3-2021.10.macos64_1.0.100.202210260954/tools/bin/../lib/gcc/arm-none-eabi/10.3.1/thumb/v7e-m+fp/hard/crtbegin.o
 .ARM.attributes
                0x0000000000000052       0x34 ./Core/Src/ILI9341.o
 .ARM.attributes
                0x0000000000000086       0x34 ./Core/Src/LCD_Methods.o
 .ARM.attributes
                0x00000000000000ba       0x34 ./Core/Src/adc.o
 .ARM.attributes
                0x00000000000000ee       0x34 ./Core/Src/default_data.o
 .ARM.attributes
                0x0000000000000122       0x34 ./Core/Src/joystick.o
 .ARM.attributes
                0x0000000000000156       0x34 ./Core/Src/main.o
 .ARM.attributes
                0x000000000000018a       0x34 ./Core/Src/stm32l4xx_hal_msp.o
 .ARM.attributes
                0x00000000000001be       0x34 ./Core/Src/stm32l4xx_it.o
 .ARM.attributes
                0x00000000000001f2       0x34 ./Core/Src/system_stm32l4xx.o
 .ARM.attributes
                0x0000000000000226       0x21 ./Core/Startup/startup_stm32l476rgtx.o
 .ARM.attributes
                0x0000000000000247       0x34 ./Drivers/STM32L4xx_HAL_Driver/Src/stm32l4xx_hal.o
 .ARM.attributes
                0x000000000000027b       0x34 ./Drivers/STM32L4xx_HAL_Driver/Src/stm32l4xx_hal_cortex.o
 .ARM.attributes
                0x00000000000002af       0x34 ./Drivers/STM32L4xx_HAL_Driver/Src/stm32l4xx_hal_dma.o
 .ARM.attributes
                0x00000000000002e3       0x34 ./Drivers/STM32L4xx_HAL_Driver/Src/stm32l4xx_hal_gpio.o
 .ARM.attributes
                0x0000000000000317       0x34 ./Drivers/STM32L4xx_HAL_Driver/Src/stm32l4xx_hal_pwr_ex.o
 .ARM.attributes
                0x000000000000034b       0x34 ./Drivers/STM32L4xx_HAL_Driver/Src/stm32l4xx_hal_rcc.o
 .ARM.attributes
                0x000000000000037f       0x34 ./Drivers/STM32L4xx_HAL_Driver/Src/stm32l4xx_hal_rcc_ex.o
 .ARM.attributes
                0x00000000000003b3       0x34 ./Drivers/STM32L4xx_HAL_Driver/Src/stm32l4xx_hal_rng.o
 .ARM.attributes
                0x00000000000003e7       0x34 ./Drivers/STM32L4xx_HAL_Driver/Src/stm32l4xx_hal_spi.o
 .ARM.attributes
                0x000000000000041b       0x34 ./Drivers/STM32L4xx_HAL_Driver/Src/stm32l4xx_hal_uart.o
 .ARM.attributes
                0x000000000000044f       0x34 /Applications/STM32CubeIDE.app/Contents/Eclipse/plugins/com.st.stm32cube.ide.mcu.externaltools.gnu-tools-for-stm32.10.3-2021.10.macos64_1.0.100.202210260954/tools/bin/../lib/gcc/arm-none-eabi/10.3.1/../../../../arm-none-eabi/lib/thumb/v7e-m+fp/hard/libc_nano.a(lib_a-init.o)
 .ARM.attributes
                0x0000000000000483       0x34 /Applications/STM32CubeIDE.app/Contents/Eclipse/plugins/com.st.stm32cube.ide.mcu.externaltools.gnu-tools-for-stm32.10.3-2021.10.macos64_1.0.100.202210260954/tools/bin/../lib/gcc/arm-none-eabi/10.3.1/../../../../arm-none-eabi/lib/thumb/v7e-m+fp/hard/libc_nano.a(lib_a-memset.o)
 .ARM.attributes
                0x00000000000004b7       0x1e /Applications/STM32CubeIDE.app/Contents/Eclipse/plugins/com.st.stm32cube.ide.mcu.externaltools.gnu-tools-for-stm32.10.3-2021.10.macos64_1.0.100.202210260954/tools/bin/../lib/gcc/arm-none-eabi/10.3.1/thumb/v7e-m+fp/hard/libgcc.a(_aeabi_uldivmod.o)
 .ARM.attributes
                0x00000000000004d5       0x34 /Applications/STM32CubeIDE.app/Contents/Eclipse/plugins/com.st.stm32cube.ide.mcu.externaltools.gnu-tools-for-stm32.10.3-2021.10.macos64_1.0.100.202210260954/tools/bin/../lib/gcc/arm-none-eabi/10.3.1/thumb/v7e-m+fp/hard/libgcc.a(_udivmoddi4.o)
 .ARM.attributes
                0x0000000000000509       0x1e /Applications/STM32CubeIDE.app/Contents/Eclipse/plugins/com.st.stm32cube.ide.mcu.externaltools.gnu-tools-for-stm32.10.3-2021.10.macos64_1.0.100.202210260954/tools/bin/../lib/gcc/arm-none-eabi/10.3.1/thumb/v7e-m+fp/hard/libgcc.a(_dvmd_tls.o)
 .ARM.attributes
                0x0000000000000527       0x1e /Applications/STM32CubeIDE.app/Contents/Eclipse/plugins/com.st.stm32cube.ide.mcu.externaltools.gnu-tools-for-stm32.10.3-2021.10.macos64_1.0.100.202210260954/tools/bin/../lib/gcc/arm-none-eabi/10.3.1/thumb/v7e-m+fp/hard/crtn.o
OUTPUT(SnakeGame_ILI9341.elf elf32-littlearm)
LOAD linker stubs
LOAD /Applications/STM32CubeIDE.app/Contents/Eclipse/plugins/com.st.stm32cube.ide.mcu.externaltools.gnu-tools-for-stm32.10.3-2021.10.macos64_1.0.100.202210260954/tools/bin/../lib/gcc/arm-none-eabi/10.3.1/../../../../arm-none-eabi/lib/thumb/v7e-m+fp/hard/libc.a
LOAD /Applications/STM32CubeIDE.app/Contents/Eclipse/plugins/com.st.stm32cube.ide.mcu.externaltools.gnu-tools-for-stm32.10.3-2021.10.macos64_1.0.100.202210260954/tools/bin/../lib/gcc/arm-none-eabi/10.3.1/../../../../arm-none-eabi/lib/thumb/v7e-m+fp/hard/libm.a
LOAD /Applications/STM32CubeIDE.app/Contents/Eclipse/plugins/com.st.stm32cube.ide.mcu.externaltools.gnu-tools-for-stm32.10.3-2021.10.macos64_1.0.100.202210260954/tools/bin/../lib/gcc/arm-none-eabi/10.3.1/thumb/v7e-m+fp/hard/libgcc.a

.debug_info     0x0000000000000000    0x10322
 .debug_info    0x0000000000000000      0xcd7 ./Core/Src/ILI9341.o
 .debug_info    0x0000000000000cd7      0x1ee ./Core/Src/LCD_Methods.o
 .debug_info    0x0000000000000ec5      0x9b5 ./Core/Src/adc.o
 .debug_info    0x000000000000187a       0xe8 ./Core/Src/default_data.o
 .debug_info    0x0000000000001962      0x6ac ./Core/Src/joystick.o
 .debug_info    0x000000000000200e     0x1924 ./Core/Src/main.o
 .debug_info    0x0000000000003932     0x148b ./Core/Src/stm32l4xx_hal_msp.o
 .debug_info    0x0000000000004dbd      0x6b2 ./Core/Src/stm32l4xx_it.o
 .debug_info    0x000000000000546f      0x5c6 ./Core/Src/system_stm32l4xx.o
 .debug_info    0x0000000000005a35       0x22 ./Core/Startup/startup_stm32l476rgtx.o
 .debug_info    0x0000000000005a57      0xc57 ./Drivers/STM32L4xx_HAL_Driver/Src/stm32l4xx_hal.o
 .debug_info    0x00000000000066ae      0xe21 ./Drivers/STM32L4xx_HAL_Driver/Src/stm32l4xx_hal_cortex.o
 .debug_info    0x00000000000074cf      0x76a ./Drivers/STM32L4xx_HAL_Driver/Src/stm32l4xx_hal_dma.o
 .debug_info    0x0000000000007c39      0x821 ./Drivers/STM32L4xx_HAL_Driver/Src/stm32l4xx_hal_gpio.o
 .debug_info    0x000000000000845a      0x9f0 ./Drivers/STM32L4xx_HAL_Driver/Src/stm32l4xx_hal_pwr_ex.o
 .debug_info    0x0000000000008e4a      0xced ./Drivers/STM32L4xx_HAL_Driver/Src/stm32l4xx_hal_rcc.o
 .debug_info    0x0000000000009b37      0xe92 ./Drivers/STM32L4xx_HAL_Driver/Src/stm32l4xx_hal_rcc_ex.o
 .debug_info    0x000000000000a9c9      0x4c9 ./Drivers/STM32L4xx_HAL_Driver/Src/stm32l4xx_hal_rng.o
 .debug_info    0x000000000000ae92     0x1782 ./Drivers/STM32L4xx_HAL_Driver/Src/stm32l4xx_hal_spi.o
 .debug_info    0x000000000000c614     0x3d0e ./Drivers/STM32L4xx_HAL_Driver/Src/stm32l4xx_hal_uart.o

.debug_abbrev   0x0000000000000000     0x25b6
 .debug_abbrev  0x0000000000000000      0x241 ./Core/Src/ILI9341.o
 .debug_abbrev  0x0000000000000241      0x10b ./Core/Src/LCD_Methods.o
 .debug_abbrev  0x000000000000034c      0x17f ./Core/Src/adc.o
 .debug_abbrev  0x00000000000004cb       0x77 ./Core/Src/default_data.o
 .debug_abbrev  0x0000000000000542      0x19d ./Core/Src/joystick.o
 .debug_abbrev  0x00000000000006df      0x320 ./Core/Src/main.o
 .debug_abbrev  0x00000000000009ff      0x23b ./Core/Src/stm32l4xx_hal_msp.o
 .debug_abbrev  0x0000000000000c3a      0x170 ./Core/Src/stm32l4xx_it.o
 .debug_abbrev  0x0000000000000daa      0x116 ./Core/Src/system_stm32l4xx.o
 .debug_abbrev  0x0000000000000ec0       0x12 ./Core/Startup/startup_stm32l476rgtx.o
 .debug_abbrev  0x0000000000000ed2      0x23a ./Drivers/STM32L4xx_HAL_Driver/Src/stm32l4xx_hal.o
 .debug_abbrev  0x000000000000110c      0x316 ./Drivers/STM32L4xx_HAL_Driver/Src/stm32l4xx_hal_cortex.o
 .debug_abbrev  0x0000000000001422      0x1d7 ./Drivers/STM32L4xx_HAL_Driver/Src/stm32l4xx_hal_dma.o
 .debug_abbrev  0x00000000000015f9      0x1bb ./Drivers/STM32L4xx_HAL_Driver/Src/stm32l4xx_hal_gpio.o
 .debug_abbrev  0x00000000000017b4      0x1f3 ./Drivers/STM32L4xx_HAL_Driver/Src/stm32l4xx_hal_pwr_ex.o
 .debug_abbrev  0x00000000000019a7      0x2bd ./Drivers/STM32L4xx_HAL_Driver/Src/stm32l4xx_hal_rcc.o
 .debug_abbrev  0x0000000000001c64      0x299 ./Drivers/STM32L4xx_HAL_Driver/Src/stm32l4xx_hal_rcc_ex.o
 .debug_abbrev  0x0000000000001efd      0x1a9 ./Drivers/STM32L4xx_HAL_Driver/Src/stm32l4xx_hal_rng.o
 .debug_abbrev  0x00000000000020a6      0x254 ./Drivers/STM32L4xx_HAL_Driver/Src/stm32l4xx_hal_spi.o
 .debug_abbrev  0x00000000000022fa      0x2bc ./Drivers/STM32L4xx_HAL_Driver/Src/stm32l4xx_hal_uart.o

.debug_aranges  0x0000000000000000      0xd30
 .debug_aranges
                0x0000000000000000       0xb8 ./Core/Src/ILI9341.o
 .debug_aranges
                0x00000000000000b8       0x38 ./Core/Src/LCD_Methods.o
 .debug_aranges
                0x00000000000000f0       0x20 ./Core/Src/adc.o
 .debug_aranges
                0x0000000000000110       0x18 ./Core/Src/default_data.o
 .debug_aranges
                0x0000000000000128       0x40 ./Core/Src/joystick.o
 .debug_aranges
                0x0000000000000168       0x60 ./Core/Src/main.o
 .debug_aranges
                0x00000000000001c8       0x50 ./Core/Src/stm32l4xx_hal_msp.o
 .debug_aranges
                0x0000000000000218       0x70 ./Core/Src/stm32l4xx_it.o
 .debug_aranges
                0x0000000000000288       0x28 ./Core/Src/system_stm32l4xx.o
 .debug_aranges
                0x00000000000002b0       0x28 ./Core/Startup/startup_stm32l476rgtx.o
 .debug_aranges
                0x00000000000002d8      0x130 ./Drivers/STM32L4xx_HAL_Driver/Src/stm32l4xx_hal.o
 .debug_aranges
                0x0000000000000408      0x118 ./Drivers/STM32L4xx_HAL_Driver/Src/stm32l4xx_hal_cortex.o
 .debug_aranges
                0x0000000000000520       0x80 ./Drivers/STM32L4xx_HAL_Driver/Src/stm32l4xx_hal_dma.o
 .debug_aranges
                0x00000000000005a0       0x58 ./Drivers/STM32L4xx_HAL_Driver/Src/stm32l4xx_hal_gpio.o
 .debug_aranges
                0x00000000000005f8      0x160 ./Drivers/STM32L4xx_HAL_Driver/Src/stm32l4xx_hal_pwr_ex.o
 .debug_aranges
                0x0000000000000758       0x90 ./Drivers/STM32L4xx_HAL_Driver/Src/stm32l4xx_hal_rcc.o
 .debug_aranges
                0x00000000000007e8       0xc0 ./Drivers/STM32L4xx_HAL_Driver/Src/stm32l4xx_hal_rcc_ex.o
 .debug_aranges
                0x00000000000008a8       0x88 ./Drivers/STM32L4xx_HAL_Driver/Src/stm32l4xx_hal_rng.o
 .debug_aranges
                0x0000000000000930      0x1d8 ./Drivers/STM32L4xx_HAL_Driver/Src/stm32l4xx_hal_spi.o
 .debug_aranges
                0x0000000000000b08      0x228 ./Drivers/STM32L4xx_HAL_Driver/Src/stm32l4xx_hal_uart.o

.debug_ranges   0x0000000000000000      0xc38
 .debug_ranges  0x0000000000000000       0xa8 ./Core/Src/ILI9341.o
 .debug_ranges  0x00000000000000a8       0x28 ./Core/Src/LCD_Methods.o
 .debug_ranges  0x00000000000000d0       0x10 ./Core/Src/adc.o
 .debug_ranges  0x00000000000000e0       0x30 ./Core/Src/joystick.o
 .debug_ranges  0x0000000000000110       0x68 ./Core/Src/main.o
 .debug_ranges  0x0000000000000178       0x40 ./Core/Src/stm32l4xx_hal_msp.o
 .debug_ranges  0x00000000000001b8       0x60 ./Core/Src/stm32l4xx_it.o
 .debug_ranges  0x0000000000000218       0x18 ./Core/Src/system_stm32l4xx.o
 .debug_ranges  0x0000000000000230       0x20 ./Core/Startup/startup_stm32l476rgtx.o
 .debug_ranges  0x0000000000000250      0x120 ./Drivers/STM32L4xx_HAL_Driver/Src/stm32l4xx_hal.o
 .debug_ranges  0x0000000000000370      0x108 ./Drivers/STM32L4xx_HAL_Driver/Src/stm32l4xx_hal_cortex.o
 .debug_ranges  0x0000000000000478       0x70 ./Drivers/STM32L4xx_HAL_Driver/Src/stm32l4xx_hal_dma.o
 .debug_ranges  0x00000000000004e8       0x48 ./Drivers/STM32L4xx_HAL_Driver/Src/stm32l4xx_hal_gpio.o
 .debug_ranges  0x0000000000000530      0x150 ./Drivers/STM32L4xx_HAL_Driver/Src/stm32l4xx_hal_pwr_ex.o
 .debug_ranges  0x0000000000000680       0x80 ./Drivers/STM32L4xx_HAL_Driver/Src/stm32l4xx_hal_rcc.o
 .debug_ranges  0x0000000000000700       0xb0 ./Drivers/STM32L4xx_HAL_Driver/Src/stm32l4xx_hal_rcc_ex.o
 .debug_ranges  0x00000000000007b0       0x78 ./Drivers/STM32L4xx_HAL_Driver/Src/stm32l4xx_hal_rng.o
 .debug_ranges  0x0000000000000828      0x1c8 ./Drivers/STM32L4xx_HAL_Driver/Src/stm32l4xx_hal_spi.o
 .debug_ranges  0x00000000000009f0      0x248 ./Drivers/STM32L4xx_HAL_Driver/Src/stm32l4xx_hal_uart.o

.debug_macro    0x0000000000000000    0x26c30
 .debug_macro   0x0000000000000000      0x239 ./Core/Src/ILI9341.o
 .debug_macro   0x0000000000000239      0xa78 ./Core/Src/ILI9341.o
 .debug_macro   0x0000000000000cb1      0x1b3 ./Core/Src/ILI9341.o
 .debug_macro   0x0000000000000e64       0x2e ./Core/Src/ILI9341.o
 .debug_macro   0x0000000000000e92       0x28 ./Core/Src/ILI9341.o
 .debug_macro   0x0000000000000eba       0x22 ./Core/Src/ILI9341.o
 .debug_macro   0x0000000000000edc       0x8e ./Core/Src/ILI9341.o
 .debug_macro   0x0000000000000f6a       0x51 ./Core/Src/ILI9341.o
 .debug_macro   0x0000000000000fbb      0x103 ./Core/Src/ILI9341.o
 .debug_macro   0x00000000000010be       0x6a ./Core/Src/ILI9341.o
 .debug_macro   0x0000000000001128      0x1df ./Core/Src/ILI9341.o
 .debug_macro   0x0000000000001307       0x1c ./Core/Src/ILI9341.o
 .debug_macro   0x0000000000001323       0x22 ./Core/Src/ILI9341.o
 .debug_macro   0x0000000000001345       0xfb ./Core/Src/ILI9341.o
 .debug_macro   0x0000000000001440     0x1011 ./Core/Src/ILI9341.o
 .debug_macro   0x0000000000002451      0x11f ./Core/Src/ILI9341.o
 .debug_macro   0x0000000000002570    0x1a17a ./Core/Src/ILI9341.o
 .debug_macro   0x000000000001c6ea       0x6d ./Core/Src/ILI9341.o
 .debug_macro   0x000000000001c757     0x38e6 ./Core/Src/ILI9341.o
 .debug_macro   0x000000000002003d      0x174 ./Core/Src/ILI9341.o
 .debug_macro   0x00000000000201b1       0x5c ./Core/Src/ILI9341.o
 .debug_macro   0x000000000002020d     0x159e ./Core/Src/ILI9341.o
 .debug_macro   0x00000000000217ab      0x5a5 ./Core/Src/ILI9341.o
 .debug_macro   0x0000000000021d50      0x1b9 ./Core/Src/ILI9341.o
 .debug_macro   0x0000000000021f09      0x18b ./Core/Src/ILI9341.o
 .debug_macro   0x0000000000022094      0x26b ./Core/Src/ILI9341.o
 .debug_macro   0x00000000000222ff      0x23d ./Core/Src/ILI9341.o
 .debug_macro   0x000000000002253c      0x241 ./Core/Src/ILI9341.o
 .debug_macro   0x000000000002277d      0x37c ./Core/Src/ILI9341.o
 .debug_macro   0x0000000000022af9       0xd6 ./Core/Src/ILI9341.o
 .debug_macro   0x0000000000022bcf      0x22c ./Core/Src/ILI9341.o
 .debug_macro   0x0000000000022dfb       0x61 ./Core/Src/ILI9341.o
 .debug_macro   0x0000000000022e5c       0xa5 ./Core/Src/ILI9341.o
 .debug_macro   0x0000000000022f01      0x122 ./Core/Src/ILI9341.o
 .debug_macro   0x0000000000023023      0x3ef ./Core/Src/ILI9341.o
 .debug_macro   0x0000000000023412       0xa4 ./Core/Src/ILI9341.o
 .debug_macro   0x00000000000234b6      0x2fe ./Core/Src/ILI9341.o
 .debug_macro   0x00000000000237b4      0x5ba ./Core/Src/ILI9341.o
 .debug_macro   0x0000000000023d6e       0x44 ./Core/Src/ILI9341.o
 .debug_macro   0x0000000000023db2      0x330 ./Core/Src/ILI9341.o
 .debug_macro   0x00000000000240e2       0x7c ./Core/Src/ILI9341.o
 .debug_macro   0x000000000002415e      0x216 ./Core/Src/LCD_Methods.o
 .debug_macro   0x0000000000024374       0x1c ./Core/Src/LCD_Methods.o
 .debug_macro   0x0000000000024390      0x1ed ./Core/Src/adc.o
 .debug_macro   0x000000000002457d       0x3a ./Core/Src/adc.o
 .debug_macro   0x00000000000245b7       0x63 ./Core/Src/default_data.o
 .debug_macro   0x000000000002461a      0x1fd ./Core/Src/joystick.o
 .debug_macro   0x0000000000024817      0x2dc ./Core/Src/main.o
 .debug_macro   0x0000000000024af3       0x1e ./Core/Src/main.o
 .debug_macro   0x0000000000024b11       0x52 ./Core/Src/main.o
 .debug_macro   0x0000000000024b63       0x3c ./Core/Src/main.o
 .debug_macro   0x0000000000024b9f       0x34 ./Core/Src/main.o
 .debug_macro   0x0000000000024bd3       0x16 ./Core/Src/main.o
 .debug_macro   0x0000000000024be9       0x35 ./Core/Src/main.o
 .debug_macro   0x0000000000024c1e       0x16 ./Core/Src/main.o
 .debug_macro   0x0000000000024c34       0x43 ./Core/Src/main.o
 .debug_macro   0x0000000000024c77       0x34 ./Core/Src/main.o
 .debug_macro   0x0000000000024cab       0x10 ./Core/Src/main.o
 .debug_macro   0x0000000000024cbb       0x58 ./Core/Src/main.o
 .debug_macro   0x0000000000024d13       0x71 ./Core/Src/main.o
 .debug_macro   0x0000000000024d84       0x1c ./Core/Src/main.o
 .debug_macro   0x0000000000024da0      0x12a ./Core/Src/main.o
 .debug_macro   0x0000000000024eca      0x341 ./Core/Src/main.o
 .debug_macro   0x000000000002520b       0x16 ./Core/Src/main.o
 .debug_macro   0x0000000000025221       0x29 ./Core/Src/main.o
 .debug_macro   0x000000000002524a      0x1f3 ./Core/Src/stm32l4xx_hal_msp.o
 .debug_macro   0x000000000002543d      0x1fd ./Core/Src/stm32l4xx_it.o
 .debug_macro   0x000000000002563a      0x1e4 ./Core/Src/system_stm32l4xx.o
 .debug_macro   0x000000000002581e      0x232 ./Drivers/STM32L4xx_HAL_Driver/Src/stm32l4xx_hal.o
 .debug_macro   0x0000000000025a50      0x1e4 ./Drivers/STM32L4xx_HAL_Driver/Src/stm32l4xx_hal_cortex.o
 .debug_macro   0x0000000000025c34      0x1e4 ./Drivers/STM32L4xx_HAL_Driver/Src/stm32l4xx_hal_dma.o
 .debug_macro   0x0000000000025e18      0x1eb ./Drivers/STM32L4xx_HAL_Driver/Src/stm32l4xx_hal_gpio.o
 .debug_macro   0x0000000000026003      0x208 ./Drivers/STM32L4xx_HAL_Driver/Src/stm32l4xx_hal_pwr_ex.o
 .debug_macro   0x000000000002620b      0x226 ./Drivers/STM32L4xx_HAL_Driver/Src/stm32l4xx_hal_rcc.o
 .debug_macro   0x0000000000026431      0x21a ./Drivers/STM32L4xx_HAL_Driver/Src/stm32l4xx_hal_rcc_ex.o
 .debug_macro   0x000000000002664b      0x1ea ./Drivers/STM32L4xx_HAL_Driver/Src/stm32l4xx_hal_rng.o
 .debug_macro   0x0000000000026835      0x1ec ./Drivers/STM32L4xx_HAL_Driver/Src/stm32l4xx_hal_spi.o
 .debug_macro   0x0000000000026a21      0x20f ./Drivers/STM32L4xx_HAL_Driver/Src/stm32l4xx_hal_uart.o

.debug_line     0x0000000000000000    0x10807
 .debug_line    0x0000000000000000      0xa3f ./Core/Src/ILI9341.o
 .debug_line    0x0000000000000a3f      0x7ca ./Core/Src/LCD_Methods.o
 .debug_line    0x0000000000001209      0x7f9 ./Core/Src/adc.o
 .debug_line    0x0000000000001a02      0x3a3 ./Core/Src/default_data.o
 .debug_line    0x0000000000001da5      0x7d0 ./Core/Src/joystick.o
 .debug_line    0x0000000000002575      0xb82 ./Core/Src/main.o
 .debug_line    0x00000000000030f7      0x867 ./Core/Src/stm32l4xx_hal_msp.o
 .debug_line    0x000000000000395e      0x82b ./Core/Src/stm32l4xx_it.o
 .debug_line    0x0000000000004189      0x7d0 ./Core/Src/system_stm32l4xx.o
 .debug_line    0x0000000000004959       0x88 ./Core/Startup/startup_stm32l476rgtx.o
 .debug_line    0x00000000000049e1      0xb29 ./Drivers/STM32L4xx_HAL_Driver/Src/stm32l4xx_hal.o
 .debug_line    0x000000000000550a      0xccf ./Drivers/STM32L4xx_HAL_Driver/Src/stm32l4xx_hal_cortex.o
 .debug_line    0x00000000000061d9      0xd07 ./Drivers/STM32L4xx_HAL_Driver/Src/stm32l4xx_hal_dma.o
 .debug_line    0x0000000000006ee0      0xb9c ./Drivers/STM32L4xx_HAL_Driver/Src/stm32l4xx_hal_gpio.o
 .debug_line    0x0000000000007a7c      0xd20 ./Drivers/STM32L4xx_HAL_Driver/Src/stm32l4xx_hal_pwr_ex.o
 .debug_line    0x000000000000879c      0xfa2 ./Drivers/STM32L4xx_HAL_Driver/Src/stm32l4xx_hal_rcc.o
 .debug_line    0x000000000000973e     0x14e1 ./Drivers/STM32L4xx_HAL_Driver/Src/stm32l4xx_hal_rcc_ex.o
 .debug_line    0x000000000000ac1f      0x9e0 ./Drivers/STM32L4xx_HAL_Driver/Src/stm32l4xx_hal_rng.o
 .debug_line    0x000000000000b5ff     0x1f62 ./Drivers/STM32L4xx_HAL_Driver/Src/stm32l4xx_hal_spi.o
 .debug_line    0x000000000000d561     0x32a6 ./Drivers/STM32L4xx_HAL_Driver/Src/stm32l4xx_hal_uart.o

.debug_str      0x0000000000000000    0xeba46
 .debug_str     0x0000000000000000    0xe50a8 ./Core/Src/ILI9341.o
                                      0xe53b5 (size before relaxing)
 .debug_str     0x00000000000e50a8       0xd8 ./Core/Src/LCD_Methods.o
                                      0xe4bb4 (size before relaxing)
 .debug_str     0x00000000000e5180      0x6df ./Core/Src/adc.o
                                      0xe5071 (size before relaxing)
 .debug_str     0x00000000000e585f       0x1b ./Core/Src/default_data.o
                                       0x3c54 (size before relaxing)
 .debug_str     0x00000000000e587a       0x91 ./Core/Src/joystick.o
                                      0xe4d3b (size before relaxing)
 .debug_str     0x00000000000e590b     0x33ca ./Core/Src/main.o
                                      0xe8b66 (size before relaxing)
 .debug_str     0x00000000000e8cd5      0x34e ./Core/Src/stm32l4xx_hal_msp.o
                                      0xe5b51 (size before relaxing)
 .debug_str     0x00000000000e9023      0x118 ./Core/Src/stm32l4xx_it.o
                                      0xe4f71 (size before relaxing)
 .debug_str     0x00000000000e913b       0xf2 ./Core/Src/system_stm32l4xx.o
                                      0xe4ad0 (size before relaxing)
 .debug_str     0x00000000000e922d       0x36 ./Core/Startup/startup_stm32l476rgtx.o
                                         0x78 (size before relaxing)
 .debug_str     0x00000000000e9263      0x697 ./Drivers/STM32L4xx_HAL_Driver/Src/stm32l4xx_hal.o
                                      0xe56cf (size before relaxing)
 .debug_str     0x00000000000e98fa      0x2f5 ./Drivers/STM32L4xx_HAL_Driver/Src/stm32l4xx_hal_cortex.o
                                      0xe5317 (size before relaxing)
 .debug_str     0x00000000000e9bef      0x229 ./Drivers/STM32L4xx_HAL_Driver/Src/stm32l4xx_hal_dma.o
                                      0xe4d3a (size before relaxing)
 .debug_str     0x00000000000e9e18      0x123 ./Drivers/STM32L4xx_HAL_Driver/Src/stm32l4xx_hal_gpio.o
                                      0xe4c49 (size before relaxing)
 .debug_str     0x00000000000e9f3b      0x4e3 ./Drivers/STM32L4xx_HAL_Driver/Src/stm32l4xx_hal_pwr_ex.o
                                      0xe502b (size before relaxing)
 .debug_str     0x00000000000ea41e      0x345 ./Drivers/STM32L4xx_HAL_Driver/Src/stm32l4xx_hal_rcc.o
                                      0xe5116 (size before relaxing)
 .debug_str     0x00000000000ea763      0x3bf ./Drivers/STM32L4xx_HAL_Driver/Src/stm32l4xx_hal_rcc_ex.o
                                      0xe528f (size before relaxing)
 .debug_str     0x00000000000eab22      0x168 ./Drivers/STM32L4xx_HAL_Driver/Src/stm32l4xx_hal_rng.o
                                      0xe4b65 (size before relaxing)
 .debug_str     0x00000000000eac8a      0x522 ./Drivers/STM32L4xx_HAL_Driver/Src/stm32l4xx_hal_spi.o
                                      0xe52f1 (size before relaxing)
 .debug_str     0x00000000000eb1ac      0x89a ./Drivers/STM32L4xx_HAL_Driver/Src/stm32l4xx_hal_uart.o
                                      0xe5800 (size before relaxing)

.comment        0x0000000000000000       0x50
 .comment       0x0000000000000000       0x50 ./Core/Src/ILI9341.o
                                         0x51 (size before relaxing)
 .comment       0x0000000000000050       0x51 ./Core/Src/LCD_Methods.o
 .comment       0x0000000000000050       0x51 ./Core/Src/adc.o
 .comment       0x0000000000000050       0x51 ./Core/Src/default_data.o
 .comment       0x0000000000000050       0x51 ./Core/Src/joystick.o
 .comment       0x0000000000000050       0x51 ./Core/Src/main.o
 .comment       0x0000000000000050       0x51 ./Core/Src/stm32l4xx_hal_msp.o
 .comment       0x0000000000000050       0x51 ./Core/Src/stm32l4xx_it.o
 .comment       0x0000000000000050       0x51 ./Core/Src/system_stm32l4xx.o
 .comment       0x0000000000000050       0x51 ./Drivers/STM32L4xx_HAL_Driver/Src/stm32l4xx_hal.o
 .comment       0x0000000000000050       0x51 ./Drivers/STM32L4xx_HAL_Driver/Src/stm32l4xx_hal_cortex.o
 .comment       0x0000000000000050       0x51 ./Drivers/STM32L4xx_HAL_Driver/Src/stm32l4xx_hal_dma.o
 .comment       0x0000000000000050       0x51 ./Drivers/STM32L4xx_HAL_Driver/Src/stm32l4xx_hal_gpio.o
 .comment       0x0000000000000050       0x51 ./Drivers/STM32L4xx_HAL_Driver/Src/stm32l4xx_hal_pwr_ex.o
 .comment       0x0000000000000050       0x51 ./Drivers/STM32L4xx_HAL_Driver/Src/stm32l4xx_hal_rcc.o
 .comment       0x0000000000000050       0x51 ./Drivers/STM32L4xx_HAL_Driver/Src/stm32l4xx_hal_rcc_ex.o
 .comment       0x0000000000000050       0x51 ./Drivers/STM32L4xx_HAL_Driver/Src/stm32l4xx_hal_rng.o
 .comment       0x0000000000000050       0x51 ./Drivers/STM32L4xx_HAL_Driver/Src/stm32l4xx_hal_spi.o
 .comment       0x0000000000000050       0x51 ./Drivers/STM32L4xx_HAL_Driver/Src/stm32l4xx_hal_uart.o

.debug_frame    0x0000000000000000     0x3460
 .debug_frame   0x0000000000000000      0x2c4 ./Core/Src/ILI9341.o
 .debug_frame   0x00000000000002c4       0x88 ./Core/Src/LCD_Methods.o
 .debug_frame   0x000000000000034c       0x38 ./Core/Src/adc.o
 .debug_frame   0x0000000000000384       0xc0 ./Core/Src/joystick.o
 .debug_frame   0x0000000000000444      0x128 ./Core/Src/main.o
 .debug_frame   0x000000000000056c      0x118 ./Core/Src/stm32l4xx_hal_msp.o
 .debug_frame   0x0000000000000684      0x13c ./Core/Src/stm32l4xx_it.o
 .debug_frame   0x00000000000007c0       0x58 ./Core/Src/system_stm32l4xx.o
 .debug_frame   0x0000000000000818      0x498 ./Drivers/STM32L4xx_HAL_Driver/Src/stm32l4xx_hal.o
 .debug_frame   0x0000000000000cb0      0x498 ./Drivers/STM32L4xx_HAL_Driver/Src/stm32l4xx_hal_cortex.o
 .debug_frame   0x0000000000001148      0x204 ./Drivers/STM32L4xx_HAL_Driver/Src/stm32l4xx_hal_dma.o
 .debug_frame   0x000000000000134c      0x14c ./Drivers/STM32L4xx_HAL_Driver/Src/stm32l4xx_hal_gpio.o
 .debug_frame   0x0000000000001498      0x584 ./Drivers/STM32L4xx_HAL_Driver/Src/stm32l4xx_hal_pwr_ex.o
 .debug_frame   0x0000000000001a1c      0x21c ./Drivers/STM32L4xx_HAL_Driver/Src/stm32l4xx_hal_rcc.o
 .debug_frame   0x0000000000001c38      0x2fc ./Drivers/STM32L4xx_HAL_Driver/Src/stm32l4xx_hal_rcc_ex.o
 .debug_frame   0x0000000000001f34      0x22c ./Drivers/STM32L4xx_HAL_Driver/Src/stm32l4xx_hal_rng.o
 .debug_frame   0x0000000000002160      0x860 ./Drivers/STM32L4xx_HAL_Driver/Src/stm32l4xx_hal_spi.o
 .debug_frame   0x00000000000029c0      0x9f4 ./Drivers/STM32L4xx_HAL_Driver/Src/stm32l4xx_hal_uart.o
 .debug_frame   0x00000000000033b4       0x2c /Applications/STM32CubeIDE.app/Contents/Eclipse/plugins/com.st.stm32cube.ide.mcu.externaltools.gnu-tools-for-stm32.10.3-2021.10.macos64_1.0.100.202210260954/tools/bin/../lib/gcc/arm-none-eabi/10.3.1/../../../../arm-none-eabi/lib/thumb/v7e-m+fp/hard/libc_nano.a(lib_a-init.o)
 .debug_frame   0x00000000000033e0       0x20 /Applications/STM32CubeIDE.app/Contents/Eclipse/plugins/com.st.stm32cube.ide.mcu.externaltools.gnu-tools-for-stm32.10.3-2021.10.macos64_1.0.100.202210260954/tools/bin/../lib/gcc/arm-none-eabi/10.3.1/../../../../arm-none-eabi/lib/thumb/v7e-m+fp/hard/libc_nano.a(lib_a-memset.o)
 .debug_frame   0x0000000000003400       0x2c /Applications/STM32CubeIDE.app/Contents/Eclipse/plugins/com.st.stm32cube.ide.mcu.externaltools.gnu-tools-for-stm32.10.3-2021.10.macos64_1.0.100.202210260954/tools/bin/../lib/gcc/arm-none-eabi/10.3.1/thumb/v7e-m+fp/hard/libgcc.a(_aeabi_uldivmod.o)
 .debug_frame   0x000000000000342c       0x34 /Applications/STM32CubeIDE.app/Contents/Eclipse/plugins/com.st.stm32cube.ide.mcu.externaltools.gnu-tools-for-stm32.10.3-2021.10.macos64_1.0.100.202210260954/tools/bin/../lib/gcc/arm-none-eabi/10.3.1/thumb/v7e-m+fp/hard/libgcc.a(_udivmoddi4.o)
