../Core/Src/ILI9341.c:31:6:HAL_SPI_TxCpltCallback	16	static
../Core/Src/ILI9341.c:35:6:ILI9341_setBackLight	16	static
../Core/Src/ILI9341.c:39:20:setReset	16	static
../Core/Src/ILI9341.c:43:20:setDC	16	static
../Core/Src/ILI9341.c:47:20:setCS	16	static
../Core/Src/ILI9341.c:51:20:writeCmd	16	static
../Core/Src/ILI9341.c:56:20:writeData	16	static
../Core/Src/ILI9341.c:61:20:writeData16	24	static
../Core/Src/ILI9341.c:68:6:ILI9341_Init	16	static
../Core/Src/ILI9341.c:94:6:ILI9341_readDisplayStatus	24	static
../Core/Src/ILI9341.c:133:6:ILI9341_reasdDisplayIdentificationInformation	24	static
../Core/Src/ILI9341.c:153:6:ILI9341_enterSleepMode	8	static
../Core/Src/ILI9341.c:159:6:ILI9341_sleepOut	8	static
../Core/Src/ILI9341.c:168:6:ILI9341_setPixelFormat	24	static
../Core/Src/ILI9341.c:184:6:ILI9341_setDisplayOff	8	static
../Core/Src/ILI9341.c:190:6:ILI9341_setDisplayOn	8	static
../Core/Src/ILI9341.c:196:6:ILI9341_setColumnAddress	16	static
../Core/Src/ILI9341.c:204:6:ILI9341_setPageAddress	16	static
../Core/Src/ILI9341.c:212:6:ILI9341_MemoryWrite	24	static,ignoring_inline_asm
../Core/Src/ILI9341.c:239:6:ILI9341_setMemoryAccessControl	24	static
